// Jest Snapshot v1, https://goo.gl/fbAQLP

exports[`button test button ui 1`] = `
<body>
  <r-button />
</body>
`;
